CTA_M=8, CTA_K=128, NUM_VAL_PER_THREAD=8
reference: tensor([ 0.0998, -2.1199,  1.3251,  0.5539, -0.2291, -0.7962,  1.1203,  2.0403],
       device='cuda:0')

mode: 1
tensor(raw_ptr(0x000079f6f4fffb80: f32, rmem, align<32>) o 8:1, data=
       [ 0.099752, ],
       [-2.119861, ],
       [ 1.325080, ],
       ...
       [-0.796191, ],
       [ 1.120342, ],
       [ 2.040334, ])
mode: 2
tensor(raw_ptr(0x000079f6f4fffb80: f32, rmem, align<32>) o 8:1, data=
       [ 0.099752, ],
       [-2.119861, ],
       [ 1.325080, ],
       ...
       [-0.796191, ],
       [ 1.120342, ],
       [ 2.040334, ])
mode: 3
tensor(raw_ptr(0x000079f6f4fffb80: f32, rmem, align<32>) o 8:1, data=
       [ 0.099752, ],
       [-2.119861, ],
       [ 1.325080, ],
       ...
       [-0.796191, ],
       [ 1.120342, ],
       [ 2.040334, ])
mode: 4
tensor(raw_ptr(0x000079f6f4fffb80: f32, rmem, align<32>) o ((1,8),1,1):((0,1),0,0), data=
       [[[ 0.099752, ],
         [-2.119861, ],
         [ 1.325080, ],
         ...
         [-0.796191, ],
         [ 1.120342, ],
         [ 2.040334, ]]])
